{
  "executable": "/Users/topi/Coding/adk-field-exercises/item5-b-20260909/update-60fe0dc-20260910/uv-cache/builds-v0/.tmpaycNGz/bin/python",
  "python_version": "3.14.7 (main, Aug  7 2026, 02:15:30) [Clang 22.1.3 ]",
  "pytest_version": "9.1.1",
  "pyyaml_version": "6.0.3",
  "cwd": "/Users/topi/Coding/adk-field-exercises/item5-b-20260909/fixture",
  "environment": {
    "PYTHONDONTWRITEBYTECODE": "1",
    "PYTHONPATH": null,
    "PYTHONHOME": null,
    "PYTHONOPTIMIZE": null,
    "PYTEST_ADDOPTS": "-o cache_dir=/Users/topi/Coding/adk-field-exercises/item5-b-20260909/update-60fe0dc-20260910/fixture-pytest-cache -ra",
    "DEVKIT_STATE_ROOT": "/Users/topi/Coding/adk-field-exercises/item5-b-20260909/update-60fe0dc-20260910/fixture-state",
    "UV_CACHE_DIR": "/Users/topi/Coding/adk-field-exercises/item5-b-20260909/update-60fe0dc-20260910/uv-cache",
    "UV_TOOL_DIR": "/Users/topi/Coding/adk-field-exercises/item5-b-20260909/update-60fe0dc-20260910/uv-tools",
    "RUFF_CACHE_DIR": "/Users/topi/Coding/adk-field-exercises/item5-b-20260909/update-60fe0dc-20260910/ruff-cache",
    "TMPDIR": "/Users/topi/Coding/adk-field-exercises/item5-b-20260909/update-60fe0dc-20260910/tmp",
    "UV_PYTHON": null,
    "UV_PROJECT_ENVIRONMENT": null
  }
}
