F                                                                        [100%]
=================================== FAILURES ===================================
______________________ test_kit_repo_self_check_is_clean _______________________

    @pytest.mark.driftcheck
    def test_kit_repo_self_check_is_clean():
        """The kit's own checkout must report zero drift against its own manifest —
        otherwise the manifest is stale and every adopter report is wrong.
    
        Marked `driftcheck` because this test compares BYTES, not behaviour: any
        edit to a kit-owned file fails it, including a deliberate mutation. Left in
        a mutation run it reports a kill for every mutation to a KIT_OWNED file — the
        paths in kit-manifest.json, not the whole repo — while nothing behavioural
        caught anything (#33 — one lens once reported 17/17 killed, and 7 had
        survived when it was excluded; attested by that lens, not measured here).
        Regenerating the manifest instead makes it
        pass and contributes nothing, which is how a gate that is not coverage came
        to be read as coverage (#112).
        """
        # #534 cause 1, and the half with NO layout-honest form. The sibling above
        # could be restated to hold everywhere; this one cannot. Its premise is that
        # drift means a STALE MANIFEST — true only against the kit's own generated
        # one. Against an adopter's recorded baseline the same `drifted` list means
        # they edited a kit-owned file, which is `locally-edited`: a legitimate
        # state this test would report as a defect. `include_repo_only=True` below
        # asks for files an adopter is never offered, which compounds it.
        require_kit_source()
        manifest = json.loads((REPO_ROOT / kit_doctor.MANIFEST_NAME).read_text(encoding="utf-8"))
        config = kit_doctor.load_config(REPO_ROOT / "config" / "dev-model.yaml", overlay=False)
        report = kit_doctor.inspect(REPO_ROOT, manifest, config, include_repo_only=True)
>       assert report.drifted == [], (
            "kit-owned files differ from kit-manifest.json: "
            + str([f"{f.path}: {f.state}" for f in report.drifted])
            + ". This compares bytes, not behaviour: it fails for ANY edit to a "
            "kit-owned file. If you are MUTATION-TESTING, this failure on its own "
            "is NOT evidence your mutation was caught — re-run with "
            "`-m 'not driftcheck'` (or `make mutation-test`) and check whether a "
            "test asserting behaviour also failed. If you are not mutating, the "
            "manifest is stale: run `kit_doctor.py --generate-manifest` and commit "
            "it with your change."
        )
E       AssertionError: kit-owned files differ from kit-manifest.json: ['scripts/conftest.py: differs', 'scripts/tests/test_state_guard.py: differs', 'docs/agentic-dev-kit/workflows/upgrade.md: differs']. This compares bytes, not behaviour: it fails for ANY edit to a kit-owned file. If you are MUTATION-TESTING, this failure on its own is NOT evidence your mutation was caught — re-run with `-m 'not driftcheck'` (or `make mutation-test`) and check whether a test asserting behaviour also failed. If you are not mutating, the manifest is stale: run `kit_doctor.py --generate-manifest` and commit it with your change.
E       assert [FileStatus(p...cad70fa094e')] == []
E         
E         Left contains 3 more items, first extra item: FileStatus(path='scripts/conftest.py', role='engine', state='differs', detail='a0a82682c943 != c2076c72a633')
E         Use -v to get more diff

scripts/tests/test_kit_doctor.py:1523: AssertionError
=========================== short test summary info ============================
FAILED scripts/tests/test_kit_doctor.py::test_kit_repo_self_check_is_clean - ...
1 failed in 0.29s
